../Core/Src/main.c:87:5:main	88	static
../Core/Src/main.c:157:6:SystemClock_Config	96	static
../Core/Src/main.c:207:13:MX_I2C1_Init	8	static
../Core/Src/main.c:255:13:MX_USART2_UART_Init	8	static
../Core/Src/main.c:290:13:MX_GPIO_Init	24	static
../Core/Src/main.c:315:6:CharLCD_Write_Nibble	32	static
../Core/Src/main.c:331:6:CharLCD_Send_Cmd	24	static
../Core/Src/main.c:346:6:CharLCD_Send_Data	24	static
../Core/Src/main.c:358:6:CharLCD_Init	8	static
../Core/Src/main.c:379:6:CharLCD_Write_String	16	static
../Core/Src/main.c:391:7:CharLCD_Set_Cursor	24	static
../Core/Src/main.c:410:7:CharLCD_Clear	8	static
../Core/Src/main.c:421:6:Error_Handler	4	static,ignoring_inline_asm
